[A2-ablation] building data...

Static baselines (AUROC@k on test risk set):
    k | position-only | oracle doc-constant
    1 |         0.495 |               0.814
    3 |         0.486 |               0.816
    5 |         0.479 |               0.819
   10 |         0.461 |               0.825
  causal-24 seed 0: @1=0.802 @3=0.774 @5=0.766 @10=0.758
  causal-24 seed 1: @1=0.807 @3=0.779 @5=0.771 @10=0.762
  causal-24 seed 2: @1=0.801 @3=0.776 @5=0.771 @10=0.763
  causal-24 seed 3: @1=0.810 @3=0.781 @5=0.772 @10=0.764
  causal-24 seed 4: @1=0.804 @3=0.775 @5=0.768 @10=0.760
    text-18 seed 0: @1=0.798 @3=0.775 @5=0.769 @10=0.759
    text-18 seed 1: @1=0.798 @3=0.779 @5=0.773 @10=0.764
    text-18 seed 2: @1=0.800 @3=0.779 @5=0.771 @10=0.761
    text-18 seed 3: @1=0.796 @3=0.775 @5=0.769 @10=0.761
    text-18 seed 4: @1=0.793 @3=0.773 @5=0.767 @10=0.759
       lm-6 seed 0: @1=0.753 @3=0.743 @5=0.739 @10=0.735
       lm-6 seed 1: @1=0.760 @3=0.750 @5=0.746 @10=0.741
       lm-6 seed 2: @1=0.758 @3=0.747 @5=0.744 @10=0.740
       lm-6 seed 3: @1=0.758 @3=0.747 @5=0.744 @10=0.739
       lm-6 seed 4: @1=0.756 @3=0.746 @5=0.744 @10=0.739
    full-33 seed 0: @1=0.814 @3=0.789 @5=0.782 @10=0.773
    full-33 seed 1: @1=0.817 @3=0.793 @5=0.785 @10=0.778
    full-33 seed 2: @1=0.813 @3=0.790 @5=0.782 @10=0.775
    full-33 seed 3: @1=0.813 @3=0.789 @5=0.783 @10=0.776
    full-33 seed 4: @1=0.810 @3=0.787 @5=0.779 @10=0.771

=== GRU AUROC@k, mean ± std over 5 seeds ===
       fset |            @1 |            @3 |            @5 |           @10 |
-----------------------------------------------------------------------------
  causal-24 | 0.805±0.003 | 0.777±0.002 | 0.770±0.002 | 0.761±0.002 |
    text-18 | 0.797±0.003 | 0.776±0.002 | 0.770±0.002 | 0.761±0.002 |
       lm-6 | 0.757±0.002 | 0.747±0.002 | 0.743±0.002 | 0.739±0.002 |
    full-33 | 0.813±0.002 | 0.789±0.002 | 0.782±0.002 | 0.775±0.002 |

DISSOCIATION (GRU, mean@3): text-18=0.776  lm-6=0.747  causal-24=0.777 -> text >> lm confirmed for the recurrent model
RQ1 baseline: causal-24@3=0.777 vs oracle doc-constant 0.816 -> no gain over doc-level
