[Phase C] consistency -> forecaster  device=cuda
Loading features...
  Feature dim: 33 (text=20, nli=7, lm=6)
Subset: 2515 docs (token-count mismatch skipped 0)
consistency dims added: 2
  base seed 0: @1=0.676 @3=0.648 @5=0.635 @10=0.617
  base seed 1: @1=0.694 @3=0.660 @5=0.648 @10=0.632
  base seed 2: @1=0.690 @3=0.657 @5=0.645 @10=0.629
  base seed 3: @1=0.676 @3=0.651 @5=0.641 @10=0.625
  base seed 4: @1=0.684 @3=0.653 @5=0.642 @10=0.627
   aug seed 0: @1=0.683 @3=0.656 @5=0.645 @10=0.629
   aug seed 1: @1=0.672 @3=0.649 @5=0.639 @10=0.626
   aug seed 2: @1=0.694 @3=0.666 @5=0.653 @10=0.633
   aug seed 3: @1=0.680 @3=0.655 @5=0.644 @10=0.631
   aug seed 4: @1=0.689 @3=0.659 @5=0.649 @10=0.633

    k |       base AUROC | aug (+consistency) | Δ (aug-base)
------------------------------------------------------------
    1 | 0.684 ± 0.007    | 0.684 ± 0.007     | -0.000
    3 | 0.654 ± 0.005    | 0.657 ± 0.006     | +0.003
    5 | 0.642 ± 0.004    | 0.646 ± 0.005     | +0.004
   10 | 0.626 ± 0.005    | 0.630 ± 0.003     | +0.004

GATE-C: does consistency lift AUROC@3 beyond 1σ? -> NO -- null, consistency adds no anticipatory signal
